
.Version 8.0.3 of ABINIT 
.(MPI version, prepared for a x86_64_linux_gnu5.3 computer) 

.Copyright (C) 1998-2017 ABINIT group . 
 ABINIT comes with ABSOLUTELY NO WARRANTY.
 It is free software, and you are welcome to redistribute it
 under certain conditions (GNU General Public License,
 see ~abinit/COPYING or http://www.gnu.org/copyleft/gpl.txt).

 ABINIT is a project of the Universite Catholique de Louvain,
 Corning Inc. and other collaborators, see ~abinit/doc/developers/contributors.txt .
 Please read ~abinit/doc/users/acknowledgments.html for suggested
 acknowledgments of the ABINIT effort.
 For more information, see http://www.abinit.org .

.Starting date : Mon  4 Apr 2016.
- ( at 09h38 )
  
- input  file    -> t01.in
- output file    -> t01.out
- root for input  files -> t01i
- root for output files -> t01o

- inpspheads : Reading pseudopotential header in XML form from /home/gonze/ABINIT/ABINITv8.0.3/gonze/8.0.3-private/tests/Psps_for_tests/14Si.psml
 ps_Number_of_Projectors not relativistic     0
 ps_Number_of_Projectors scalar relativistic     6
 ps_Projector_L     0
 ps_Projector_Ekb     0.2877376917E+01
 ps_Projector_Ekb    -0.1051003108E+00
 ps_Projector_L     1
 ps_Projector_Ekb     0.5160687747E+00
 ps_Projector_Ekb    -0.8310746906E-01
 ps_Projector_L     2
 ps_Projector_Ekb    -0.2465787884E+01
 ps_Projector_Ekb    -0.5964275457E+00
 ps_Number_of_Projectors SOC     0
 psxml2ab: Atomic Label:                      Si
 psxml2ab: Atomic Number:                         14.00000
 psxml2ab: Valence charge:                         4.00000
 psxml2ab: Pseudopotential generator code :    ONCVPSP-2.1.2+psml
 psxml2ab: Date of pseudopotential generation: 2015-02-22
 psxml2ab: Pseudopotential flavor:             Hamann's oncvpsp
 psxml2ab: Exchange-correlation functional    1 :    XC_LDA_X
 psxml2ab: Exchange-correlation functional    2 :    XC_LDA_C_PZ
 psxml2ab: Relativistically generated pseudopotential (not necessarily SOC!):   scalar
 psxml2ab: Spin-polarized pseudopotential:     no
 
 Symmetries : space group Fd -3 m (#227); Bravais cF (face-center cubic)
================================================================================
 Values of the parameters that define the memory need of the present run
     intxc =       0    ionmov =       0      iscf =       7    lmnmax =       6
     lnmax =       6     mgfft =      16  mpssoang =       3    mqgrid =    3001
     natom =       2  nloc_mem =       1    nspden =       1   nspinor =       1
    nsppol =       1      nsym =      48    n1xccc =    2501    ntypat =       1
    occopt =       1   xclevel =       1
-    mband =           6        mffmem =           1         mkmem =           8
       mpw =         150          nfft =        4096          nkpt =           8
================================================================================
P This job should need less than                       2.052 Mbytes of memory.
  Rough estimation (10% accuracy) of disk space for files :
_ WF disk file :      0.112 Mbytes ; DEN or POT disk file :      0.033 Mbytes.
================================================================================

--------------------------------------------------------------------------------
------------- Echo of variables that govern the present computation ------------
--------------------------------------------------------------------------------
-
- outvars: echo of selected default values                                      
-   iomode0 =  0 , fftalg0 =312 , wfoptalg0 =  0
-
- outvars: echo of global parameters not present in the input file              
-  max_nthreads =    0
-
 -outvars: echo values of preprocessed input variables --------
            acell      1.0263110000E+01  1.0263110000E+01  1.0263110000E+01 Bohr
              amu      2.80855000E+01
           diemac      1.00000000E+01
             ecut      5.00000000E+00 Hartree
-          fftalg         312
           istwfk        2    0    3    0    0    0    7    0
              ixc       -1009
              kpt      0.00000000E+00  0.00000000E+00  0.00000000E+00
                       2.50000000E-01  0.00000000E+00  0.00000000E+00
                       5.00000000E-01  0.00000000E+00  0.00000000E+00
                       2.50000000E-01  2.50000000E-01  0.00000000E+00
                       5.00000000E-01  2.50000000E-01  0.00000000E+00
                      -2.50000000E-01  2.50000000E-01  0.00000000E+00
                       5.00000000E-01  5.00000000E-01  0.00000000E+00
                      -2.50000000E-01  5.00000000E-01  2.50000000E-01
         kptrlatt        4    0    0      0    4    0      0    0    4
          kptrlen      2.90284587E+01
P           mkmem           8
            natom           2
            nband           6
            ngfft          16      16      16
             nkpt           8
            nstep          20
             nsym          48
           ntypat           1
              occ      2.000000  2.000000  2.000000  2.000000  0.000000  0.000000
            rprim      0.0000000000E+00  5.0000000000E-01  5.0000000000E-01
                       5.0000000000E-01  0.0000000000E+00  5.0000000000E-01
                       5.0000000000E-01  5.0000000000E-01  0.0000000000E+00
          spgroup         227
           symrel      1  0  0   0  1  0   0  0  1      -1  0  0   0 -1  0   0  0 -1
                       0 -1  1   0 -1  0   1 -1  0       0  1 -1   0  1  0  -1  1  0
                      -1  0  0  -1  0  1  -1  1  0       1  0  0   1  0 -1   1 -1  0
                       0  1 -1   1  0 -1   0  0 -1       0 -1  1  -1  0  1   0  0  1
                      -1  0  0  -1  1  0  -1  0  1       1  0  0   1 -1  0   1  0 -1
                       0 -1  1   1 -1  0   0 -1  0       0  1 -1  -1  1  0   0  1  0
                       1  0  0   0  0  1   0  1  0      -1  0  0   0  0 -1   0 -1  0
                       0  1 -1   0  0 -1   1  0 -1       0 -1  1   0  0  1  -1  0  1
                      -1  0  1  -1  1  0  -1  0  0       1  0 -1   1 -1  0   1  0  0
                       0 -1  0   1 -1  0   0 -1  1       0  1  0  -1  1  0   0  1 -1
                       1  0 -1   0  0 -1   0  1 -1      -1  0  1   0  0  1   0 -1  1
                       0  1  0   0  0  1   1  0  0       0 -1  0   0  0 -1  -1  0  0
                       1  0 -1   0  1 -1   0  0 -1      -1  0  1   0 -1  1   0  0  1
                       0 -1  0   0 -1  1   1 -1  0       0  1  0   0  1 -1  -1  1  0
                      -1  0  1  -1  0  0  -1  1  0       1  0 -1   1  0  0   1 -1  0
                       0  1  0   1  0  0   0  0  1       0 -1  0  -1  0  0   0  0 -1
                       0  0 -1   0  1 -1   1  0 -1       0  0  1   0 -1  1  -1  0  1
                       1 -1  0   0 -1  1   0 -1  0      -1  1  0   0  1 -1   0  1  0
                       0  0  1   1  0  0   0  1  0       0  0 -1  -1  0  0   0 -1  0
                      -1  1  0  -1  0  0  -1  0  1       1 -1  0   1  0  0   1  0 -1
                       0  0  1   0  1  0   1  0  0       0  0 -1   0 -1  0  -1  0  0
                       1 -1  0   0 -1  0   0 -1  1      -1  1  0   0  1  0   0  1 -1
                       0  0 -1   1  0 -1   0  1 -1       0  0  1  -1  0  1   0 -1  1
                      -1  1  0  -1  0  1  -1  0  0       1 -1  0   1  0 -1   1  0  0
            tnons      0.0000000  0.0000000  0.0000000     0.2500000  0.2500000  0.2500000
                       0.0000000  0.0000000  0.0000000     0.2500000  0.2500000  0.2500000
                       0.0000000  0.0000000  0.0000000     0.2500000  0.2500000  0.2500000
                       0.0000000  0.0000000  0.0000000     0.2500000  0.2500000  0.2500000
                       0.0000000  0.0000000  0.0000000     0.2500000  0.2500000  0.2500000
                       0.0000000  0.0000000  0.0000000     0.2500000  0.2500000  0.2500000
                       0.0000000  0.0000000  0.0000000     0.2500000  0.2500000  0.2500000
                       0.0000000  0.0000000  0.0000000     0.2500000  0.2500000  0.2500000
                       0.0000000  0.0000000  0.0000000     0.2500000  0.2500000  0.2500000
                       0.0000000  0.0000000  0.0000000     0.2500000  0.2500000  0.2500000
                       0.0000000  0.0000000  0.0000000     0.2500000  0.2500000  0.2500000
                       0.0000000  0.0000000  0.0000000     0.2500000  0.2500000  0.2500000
                       0.0000000  0.0000000  0.0000000     0.2500000  0.2500000  0.2500000
                       0.0000000  0.0000000  0.0000000     0.2500000  0.2500000  0.2500000
                       0.0000000  0.0000000  0.0000000     0.2500000  0.2500000  0.2500000
                       0.0000000  0.0000000  0.0000000     0.2500000  0.2500000  0.2500000
                       0.0000000  0.0000000  0.0000000     0.2500000  0.2500000  0.2500000
                       0.0000000  0.0000000  0.0000000     0.2500000  0.2500000  0.2500000
                       0.0000000  0.0000000  0.0000000     0.2500000  0.2500000  0.2500000
                       0.0000000  0.0000000  0.0000000     0.2500000  0.2500000  0.2500000
                       0.0000000  0.0000000  0.0000000     0.2500000  0.2500000  0.2500000
                       0.0000000  0.0000000  0.0000000     0.2500000  0.2500000  0.2500000
                       0.0000000  0.0000000  0.0000000     0.2500000  0.2500000  0.2500000
                       0.0000000  0.0000000  0.0000000     0.2500000  0.2500000  0.2500000
           tolwfr      1.00000000E-14
            typat      1  1
              wtk        0.01563    0.12500    0.06250    0.09375    0.37500    0.18750
                         0.04688    0.09375
           xangst      0.0000000000E+00  0.0000000000E+00  0.0000000000E+00
                       1.3577509753E+00  1.3577509753E+00  1.3577509753E+00
            xcart      0.0000000000E+00  0.0000000000E+00  0.0000000000E+00
                       2.5657775000E+00  2.5657775000E+00  2.5657775000E+00
             xred      0.0000000000E+00  0.0000000000E+00  0.0000000000E+00
                       2.5000000000E-01  2.5000000000E-01  2.5000000000E-01
            znucl       14.00000

================================================================================

 chkinp: Checking input parameters for consistency.

================================================================================
== DATASET  1 ==================================================================
-   nproc =    1

 Real(R)+Recip(G) space primitive vectors, cartesian coordinates (Bohr,Bohr^-1):
 R(1)=  0.0000000  5.1315550  5.1315550  G(1)= -0.0974364  0.0974364  0.0974364
 R(2)=  5.1315550  0.0000000  5.1315550  G(2)=  0.0974364 -0.0974364  0.0974364
 R(3)=  5.1315550  5.1315550  0.0000000  G(3)=  0.0974364  0.0974364 -0.0974364
 Unit cell volume ucvol=  2.7025701E+02 bohr^3
 Angles (23,13,12)=  6.00000000E+01  6.00000000E+01  6.00000000E+01 degrees

 getcut: wavevector=  0.0000  0.0000  0.0000  ngfft=  16  16  16
         ecut(hartree)=      5.000   => boxcut(ratio)=   2.19031

--- Pseudopotential description ------------------------------------------------
- pspini: atom type   1  psp file is /home/gonze/ABINIT/ABINITv8.0.3/gonze/8.0.3-private/tests/Psps_for_tests/14Si.psml
- pspatm: opening atomic psp file    /home/gonze/ABINIT/ABINITv8.0.3/gonze/8.0.3-private/tests/Psps_for_tests/14Si.psml
- pspatm: Reading pseudopotential header in XML form from /home/gonze/ABINIT/ABINITv8.0.3/gonze/8.0.3-private/tests/Psps_for_tests/14Si.psml
 ps_Number_of_Projectors not relativistic     0
 ps_Number_of_Projectors scalar relativistic     6
 ps_Projector_L     0
 ps_Projector_Ekb     0.2877376917E+01
 ps_Projector_Ekb    -0.1051003108E+00
 ps_Projector_L     1
 ps_Projector_Ekb     0.5160687747E+00
 ps_Projector_Ekb    -0.8310746906E-01
 ps_Projector_L     2
 ps_Projector_Ekb    -0.2465787884E+01
 ps_Projector_Ekb    -0.5964275457E+00
 ps_Number_of_Projectors SOC     0
 psxml2ab: Atomic Label:                      Si
 psxml2ab: Atomic Number:                         14.00000
 psxml2ab: Valence charge:                         4.00000
 psxml2ab: Pseudopotential generator code :    ONCVPSP-2.1.2+psml
 psxml2ab: Date of pseudopotential generation: 2015-02-22
 psxml2ab: Pseudopotential flavor:             Hamann's oncvpsp
 psxml2ab: Exchange-correlation functional    1 :    XC_LDA_X
 psxml2ab: Exchange-correlation functional    2 :    XC_LDA_C_PZ
 psxml2ab: Relativistically generated pseudopotential (not necessarily SOC!):   scalar
 psxml2ab: Spin-polarized pseudopotential:     no
  psp9in : irelt =            0
 pspatm: epsatm=   22.51288005
         --- l  ekb(1:nproj) -->
             0    2.877377   -0.105100
             1    0.516069   -0.083107
             2   -2.465788   -0.596428
 pspatm: atomic psp has been read  and splines computed

   3.60206081E+02                                ecore*ucvol(ha*bohr**3)
--------------------------------------------------------------------------------

_setup2: Arith. and geom. avg. npw (full set) are     144.641     144.601

================================================================================

     iter   Etot(hartree)      deltaE(h)  residm     vres2
 ETOT  1  -9.7670454158701    -9.767E+00 3.391E-03 2.724E+00
 ETOT  2  -9.7717707835955    -4.725E-03 1.324E-04 7.154E-02
 ETOT  3  -9.7718343677444    -6.358E-05 2.009E-05 1.335E-03
 ETOT  4  -9.7718351067511    -7.390E-07 1.429E-05 1.124E-05
 ETOT  5  -9.7718351159531    -9.202E-09 2.450E-06 5.347E-09
 ETOT  6  -9.7718351159572    -4.105E-12 1.739E-06 3.216E-11
 ETOT  7  -9.7718351159573    -5.151E-14 3.047E-07 4.818E-14
 ETOT  8  -9.7718351159572     1.172E-13 2.160E-07 4.209E-16
 ETOT  9  -9.7718351159571     3.197E-14 3.810E-08 1.287E-17
 ETOT 10  -9.7718351159571     4.263E-14 2.702E-08 1.322E-19
 ETOT 11  -9.7718351159572    -8.349E-14 4.773E-09 1.401E-21
 ETOT 12  -9.7718351159572    -5.862E-14 3.385E-09 5.773E-25
 ETOT 13  -9.7718351159572     1.066E-14 5.987E-10 2.178E-27
 ETOT 14  -9.7718351159572     0.000E+00 4.244E-10 3.624E-29
 ETOT 15  -9.7718351159572     0.000E+00 7.512E-11 4.787E-29
 ETOT 16  -9.7718351159572     0.000E+00 5.322E-11 3.075E-29
 ETOT 17  -9.7718351159572     0.000E+00 9.428E-12 2.187E-29
 ETOT 18  -9.7718351159572     0.000E+00 6.675E-12 3.122E-29
 ETOT 19  -9.7718351159572     1.776E-15 1.183E-12 2.095E-29
 ETOT 20  -9.7718351159572     0.000E+00 8.372E-13 1.787E-29

 Cartesian components of stress tensor (hartree/bohr^3)
  sigma(1 1)= -7.46059338E-03  sigma(3 2)=  0.00000000E+00
  sigma(2 2)= -7.46059338E-03  sigma(3 1)=  0.00000000E+00
  sigma(3 3)= -7.46059338E-03  sigma(2 1)=  0.00000000E+00


 scprqt:  WARNING -
  nstep=   20 was not enough SCF cycles to converge;
  maximum residual=  8.372E-13 exceeds tolwfr=  1.000E-14

 Integrated electronic density in atomic spheres:
 ------------------------------------------------
 Atom  Sphere_radius  Integrated_density
    1        2.00000          1.84743792
    2        2.00000          1.84743792
================================================================================

 ----iterations are completed or convergence reached----

 Mean square residual over all n,k,spin=   2.1585E-14; max=  8.3723E-13
 reduced coordinates (array xred) for    2 atoms
       0.000000000000      0.000000000000      0.000000000000
       0.250000000000      0.250000000000      0.250000000000
 rms dE/dt=  0.0000E+00; max dE/dt=  0.0000E+00; dE/dt below (all hartree)
    1       0.000000000000      0.000000000000      0.000000000000
    2       0.000000000000      0.000000000000      0.000000000000

 cartesian coordinates (angstrom) at end:
    1      0.00000000000000     0.00000000000000     0.00000000000000
    2      1.35775097531303     1.35775097531303     1.35775097531303

 cartesian forces (hartree/bohr) at end:
    1     -0.00000000000000    -0.00000000000000    -0.00000000000000
    2     -0.00000000000000    -0.00000000000000    -0.00000000000000
 frms,max,avg= 0.0000000E+00 0.0000000E+00   0.000E+00  0.000E+00  0.000E+00 h/b

 cartesian forces (eV/Angstrom) at end:
    1     -0.00000000000000    -0.00000000000000    -0.00000000000000
    2     -0.00000000000000    -0.00000000000000    -0.00000000000000
 frms,max,avg= 0.0000000E+00 0.0000000E+00   0.000E+00  0.000E+00  0.000E+00 e/A
 length scales= 10.263110000000 10.263110000000 10.263110000000 bohr
              =  5.431003901252  5.431003901252  5.431003901252 angstroms
 prteigrs : about to open file t01o_EIG
 Fermi (or HOMO) energy (hartree) =   0.05605   Average Vxc (hartree)=  -0.35453
 Eigenvalues (hartree) for nkpt=   8  k points:
 kpt#   1, nband=  6, wtk=  0.01563, kpt=  0.0000  0.0000  0.0000 (reduced coord)
  -0.37936    0.05605    0.05605    0.05605    0.14973    0.14973
 prteigrs : prtvol=0 or 1, do not print more k-points.


--------------------------------------------------------------------------------
 Components of total free energy (in Hartree) :

    Kinetic energy  =  3.02403495051687E+00
    Hartree energy  =  5.49359504971762E-01
    XC energy       = -4.44922905067187E+00
    Ewald energy    = -8.39791921808003E+00
    PspCore energy  =  1.33282791535128E+00
    Loc. psp. energy= -1.93662838998257E+00
    NL   psp  energy=  1.05719171937363E-01
    >>>>>>>>> Etotal= -9.77183511595721E+00

 Other information on the energy :
    Total energy(eV)= -2.65905156356939E+02 ; Band energy (Ha)=  -1.0229084787E+00
--------------------------------------------------------------------------------

 Cartesian components of stress tensor (hartree/bohr^3)
  sigma(1 1)= -7.46059338E-03  sigma(3 2)=  0.00000000E+00
  sigma(2 2)= -7.46059338E-03  sigma(3 1)=  0.00000000E+00
  sigma(3 3)= -7.46059338E-03  sigma(2 1)=  0.00000000E+00

-Cartesian components of stress tensor (GPa)         [Pressure=  2.1950E+02 GPa]
- sigma(1 1)= -2.19498198E+02  sigma(3 2)=  0.00000000E+00
- sigma(2 2)= -2.19498198E+02  sigma(3 1)=  0.00000000E+00
- sigma(3 3)= -2.19498198E+02  sigma(2 1)=  0.00000000E+00

== END DATASET(S) ==============================================================
================================================================================
  
 -outvars: echo values of variables after computation  --------
            acell      1.0263110000E+01  1.0263110000E+01  1.0263110000E+01 Bohr
              amu      2.80855000E+01
           diemac      1.00000000E+01
             ecut      5.00000000E+00 Hartree
           etotal     -9.7718351160E+00
            fcart     -0.0000000000E+00 -0.0000000000E+00 -0.0000000000E+00
                      -0.0000000000E+00 -0.0000000000E+00 -0.0000000000E+00
-          fftalg         312
           istwfk        2    0    3    0    0    0    7    0
              ixc       -1009
              kpt      0.00000000E+00  0.00000000E+00  0.00000000E+00
                       2.50000000E-01  0.00000000E+00  0.00000000E+00
                       5.00000000E-01  0.00000000E+00  0.00000000E+00
                       2.50000000E-01  2.50000000E-01  0.00000000E+00
                       5.00000000E-01  2.50000000E-01  0.00000000E+00
                      -2.50000000E-01  2.50000000E-01  0.00000000E+00
                       5.00000000E-01  5.00000000E-01  0.00000000E+00
                      -2.50000000E-01  5.00000000E-01  2.50000000E-01
         kptrlatt        4    0    0      0    4    0      0    0    4
          kptrlen      2.90284587E+01
P           mkmem           8
            natom           2
            nband           6
            ngfft          16      16      16
             nkpt           8
            nstep          20
             nsym          48
           ntypat           1
              occ      2.000000  2.000000  2.000000  2.000000  0.000000  0.000000
            rprim      0.0000000000E+00  5.0000000000E-01  5.0000000000E-01
                       5.0000000000E-01  0.0000000000E+00  5.0000000000E-01
                       5.0000000000E-01  5.0000000000E-01  0.0000000000E+00
          spgroup         227
           strten     -7.4605933813E-03 -7.4605933813E-03 -7.4605933813E-03
                       0.0000000000E+00  0.0000000000E+00  0.0000000000E+00
           symrel      1  0  0   0  1  0   0  0  1      -1  0  0   0 -1  0   0  0 -1
                       0 -1  1   0 -1  0   1 -1  0       0  1 -1   0  1  0  -1  1  0
                      -1  0  0  -1  0  1  -1  1  0       1  0  0   1  0 -1   1 -1  0
                       0  1 -1   1  0 -1   0  0 -1       0 -1  1  -1  0  1   0  0  1
                      -1  0  0  -1  1  0  -1  0  1       1  0  0   1 -1  0   1  0 -1
                       0 -1  1   1 -1  0   0 -1  0       0  1 -1  -1  1  0   0  1  0
                       1  0  0   0  0  1   0  1  0      -1  0  0   0  0 -1   0 -1  0
                       0  1 -1   0  0 -1   1  0 -1       0 -1  1   0  0  1  -1  0  1
                      -1  0  1  -1  1  0  -1  0  0       1  0 -1   1 -1  0   1  0  0
                       0 -1  0   1 -1  0   0 -1  1       0  1  0  -1  1  0   0  1 -1
                       1  0 -1   0  0 -1   0  1 -1      -1  0  1   0  0  1   0 -1  1
                       0  1  0   0  0  1   1  0  0       0 -1  0   0  0 -1  -1  0  0
                       1  0 -1   0  1 -1   0  0 -1      -1  0  1   0 -1  1   0  0  1
                       0 -1  0   0 -1  1   1 -1  0       0  1  0   0  1 -1  -1  1  0
                      -1  0  1  -1  0  0  -1  1  0       1  0 -1   1  0  0   1 -1  0
                       0  1  0   1  0  0   0  0  1       0 -1  0  -1  0  0   0  0 -1
                       0  0 -1   0  1 -1   1  0 -1       0  0  1   0 -1  1  -1  0  1
                       1 -1  0   0 -1  1   0 -1  0      -1  1  0   0  1 -1   0  1  0
                       0  0  1   1  0  0   0  1  0       0  0 -1  -1  0  0   0 -1  0
                      -1  1  0  -1  0  0  -1  0  1       1 -1  0   1  0  0   1  0 -1
                       0  0  1   0  1  0   1  0  0       0  0 -1   0 -1  0  -1  0  0
                       1 -1  0   0 -1  0   0 -1  1      -1  1  0   0  1  0   0  1 -1
                       0  0 -1   1  0 -1   0  1 -1       0  0  1  -1  0  1   0 -1  1
                      -1  1  0  -1  0  1  -1  0  0       1 -1  0   1  0 -1   1  0  0
            tnons      0.0000000  0.0000000  0.0000000     0.2500000  0.2500000  0.2500000
                       0.0000000  0.0000000  0.0000000     0.2500000  0.2500000  0.2500000
                       0.0000000  0.0000000  0.0000000     0.2500000  0.2500000  0.2500000
                       0.0000000  0.0000000  0.0000000     0.2500000  0.2500000  0.2500000
                       0.0000000  0.0000000  0.0000000     0.2500000  0.2500000  0.2500000
                       0.0000000  0.0000000  0.0000000     0.2500000  0.2500000  0.2500000
                       0.0000000  0.0000000  0.0000000     0.2500000  0.2500000  0.2500000
                       0.0000000  0.0000000  0.0000000     0.2500000  0.2500000  0.2500000
                       0.0000000  0.0000000  0.0000000     0.2500000  0.2500000  0.2500000
                       0.0000000  0.0000000  0.0000000     0.2500000  0.2500000  0.2500000
                       0.0000000  0.0000000  0.0000000     0.2500000  0.2500000  0.2500000
                       0.0000000  0.0000000  0.0000000     0.2500000  0.2500000  0.2500000
                       0.0000000  0.0000000  0.0000000     0.2500000  0.2500000  0.2500000
                       0.0000000  0.0000000  0.0000000     0.2500000  0.2500000  0.2500000
                       0.0000000  0.0000000  0.0000000     0.2500000  0.2500000  0.2500000
                       0.0000000  0.0000000  0.0000000     0.2500000  0.2500000  0.2500000
                       0.0000000  0.0000000  0.0000000     0.2500000  0.2500000  0.2500000
                       0.0000000  0.0000000  0.0000000     0.2500000  0.2500000  0.2500000
                       0.0000000  0.0000000  0.0000000     0.2500000  0.2500000  0.2500000
                       0.0000000  0.0000000  0.0000000     0.2500000  0.2500000  0.2500000
                       0.0000000  0.0000000  0.0000000     0.2500000  0.2500000  0.2500000
                       0.0000000  0.0000000  0.0000000     0.2500000  0.2500000  0.2500000
                       0.0000000  0.0000000  0.0000000     0.2500000  0.2500000  0.2500000
                       0.0000000  0.0000000  0.0000000     0.2500000  0.2500000  0.2500000
           tolwfr      1.00000000E-14
            typat      1  1
              wtk        0.01563    0.12500    0.06250    0.09375    0.37500    0.18750
                         0.04688    0.09375
           xangst      0.0000000000E+00  0.0000000000E+00  0.0000000000E+00
                       1.3577509753E+00  1.3577509753E+00  1.3577509753E+00
            xcart      0.0000000000E+00  0.0000000000E+00  0.0000000000E+00
                       2.5657775000E+00  2.5657775000E+00  2.5657775000E+00
             xred      0.0000000000E+00  0.0000000000E+00  0.0000000000E+00
                       2.5000000000E-01  2.5000000000E-01  2.5000000000E-01
            znucl       14.00000

================================================================================


- Timing analysis has been suppressed with timopt=0



================================================================================

 Suggested references for the acknowledgment of ABINIT usage.

 The users of ABINIT have little formal obligations with respect to the ABINIT group
 (those specified in the GNU General Public License, http://www.gnu.org/copyleft/gpl.txt).
 However, it is common practice in the scientific literature,
 to acknowledge the efforts of people that have made the research possible.
 In this spirit, please find below suggested citations of work written by ABINIT developers,
 corresponding to implementations inside of ABINIT that you have used in the present run.
 Note also that it will be of great value to readers of publications presenting these results,
 to read papers enabling them to understand the theoretical formalism and details
 of the ABINIT implementation.
 For information on why they are suggested, see also http://www.abinit.org/about/?text=acknowledgments.
-
- [1] Libxc: A library of exchange and correlation functionals for density functional theory.
- M.A.L. Marques, M.J.T. Oliveira, T. Burnus, Computer Physics Communications 183, 2227 (2012).
- Comment : to be cited when LibXC is used (negative value of ixc)
- Strong suggestion to cite this paper.
-
- [2] ABINIT : First-principles approach of materials and nanosystem properties.
- X. Gonze, B. Amadon, P.-M. Anglade, J.-M. Beuken, F. Bottin, P. Boulanger, F. Bruneval,
- D. Caliste, R. Caracas, M. Cote, T. Deutsch, L. Genovese, Ph. Ghosez, M. Giantomassi
- S. Goedecker, D.R. Hamann, P. Hermet, F. Jollet, G. Jomard, S. Leroux, M. Mancini, S. Mazevet,
- M.J.T. Oliveira, G. Onida, Y. Pouillon, T. Rangel, G.-M. Rignanese, D. Sangalli, R. Shaltaf,
- M. Torrent, M.J. Verstraete, G. Zerah, J.W. Zwanziger
- Computer Phys. Comm. 180, 2582-2615 (2009).
- Comment : the third generic paper describing the ABINIT project.
- Note that a version of this paper, that is not formatted for Computer Phys. Comm. 
- is available at http://www.abinit.org/about/ABINIT_CPC_v10.pdf .
- The licence allows the authors to put it on the Web.
-
- [3] A brief introduction to the ABINIT software package.
- X. Gonze, G.-M. Rignanese, M. Verstraete, J.-M. Beuken, Y. Pouillon, R. Caracas, F. Jollet,
- M. Torrent, G. Zerah, M. Mikami, Ph. Ghosez, M. Veithen, J.-Y. Raty, V. Olevano, F. Bruneval,
- L. Reining, R. Godby, G. Onida, D.R. Hamann, and D.C. Allan.
- Z. Kristallogr. 220, 558-562 (2005).
- Comment : the second generic paper describing the ABINIT project. Note that this paper
- should be cited especially if you are using the GW part of ABINIT, as several authors
- of this part are not in the list of authors of the first or third paper.
- The .pdf of the latter paper is available at http://www.abinit.org/about/zfk_0505-06_558-562.pdf.
- Note that it should not redistributed (Copyright by Oldenburg Wissenshaftverlag,
- the licence allows the authors to put it on the Web).
-
- And optionally:
-
- [4] First-principles computation of material properties : the ABINIT software project. 
- X. Gonze, J.-M. Beuken, R. Caracas, F. Detraux, M. Fuchs, G.-M. Rignanese, L. Sindic,
- M. Verstraete, G. Zerah, F. Jollet, M. Torrent, A. Roy, M. Mikami, Ph. Ghosez, J.-Y. Raty, D.C. Allan.
- Computational Materials Science 25, 478-492 (2002). http://dx.doi.org/10.1016/S0927-0256(02)00325-7
- Comment : the original paper describing the ABINIT project.
-
- [5] Fast radix 2, 3, 4 and 5 kernels for Fast Fourier Transformations
- on computers with overlapping multiply-add instructions.
- S. Goedecker, SIAM J. on Scientific Computing 18, 1605 (1997).
-
- Proc.   0 individual time (sec): cpu=          3.9  wall=          1.3

================================================================================

 Calculation completed.
.Delivered   1 WARNINGs and   1 COMMENTs to log file.
+Overall time at end (sec) : cpu=          3.9  wall=          1.3
